,,EVERY,Person,,,,,,,,,,,,
,,WHO,walks,,,,,,,,,,,,
,,AND,,eats,,,,,,,,,,,
,,,OR,drinks,,,,,,,,,,,
,,MUST,sing,,,,,,,,,,,,