let f_f_1 = fun (v_x_0) => v_x_0 in let f_g_3 = fun (v_x_2) => f_f_1(v_x_2) in undefined