let v_eragon_0 = {s_character_3 = {s_friend_6 = 'Ork,s_main_4 = 'Eragon,s_villain_5 = 'Galbatorix},s_size_2 = 512,s_title_1 = 'Eragon}