 f_f_1 = fun (v_x_0) => let v_y_2 = {s_p_4 = if v_x_0 > 5 then v_x_0 else if otherwise then v_x_0 + v_x_0 else undefined,s_z_3 = if v_x_0 > 3 then 5 else if otherwise then 0 else undefined} in v_y_2
