 f_f_1 = fun (v_x_0) => let f_g_3 = fun (v_x_2) => v_x_2 in f_g_3(v_x_0)
