let f_f_1 = fun (v_x_0) => let v_y_2 = {s_z_3 = if v_x_0 > 3 then 5 else undefined} in v_y_2 in undefined