let v_y_0 = {s_a_1 = {s_b_2 = {s_c_3 = {s_z_4 = 5}}}} in undefined