Failed transpilation:
Unsupported RelationalPredicate: RPis