Hornlike
    { name =
        [ MTT "taxesPayable" ]
    , super = Nothing
    , keyword = Decide
    , given = Just
        (
            ( MTT "annualIncome" :| []
            , Just
                ( SimpleType TOne "Number" )
            ) :|
            [
                ( MTT "netWorth" :| []
                , Just
                    ( SimpleType TOne "Number" )
                )
            ,
                ( MTT "vivacity" :| []
                , Just
                    ( SimpleType TOne "Boolean" )
                )
            ,
                ( MTT "phaseOfMoon" :| []
                , Just
                    ( InlineEnum TOne
                        (
                            ( MTT "new" :|
                                [ MTT "waxing"
                                , MTT "full"
                                , MTT "gibbous"
                                ]
                            , Nothing
                            ) :| []
                        )
                    )
                )
            ]
        )
    , giveth = Just
        (
            ( MTT "taxesPayable" :| []
            , Just
                ( SimpleType TOne "Number" )
            ) :| []
        )
    , upon = Nothing
    , clauses =
        [ HC
            { hHead = RPConstraint
                [ MTT "taxesPayable" ] RPis
                [ MTT "taxesPayableAlive"
                , MTT "/"
                , MTI 2
                ]
            , hBody = Just
                ( Leaf
                    ( RPConstraint
                        [ MTT "phaseOfMoon" ] RPis
                        [ MTT "gibbous" ]
                    )
                )
            }
        , HC
            { hHead = RPConstraint
                [ MTT "taxesPayable" ] RPis
                [ MTT "taxesPayableAlive" ]
            , hBody = Just
                ( Leaf
                    ( RPMT
                        [ MTT "vivacity" ]
                    )
                )
            }
        , HC
            { hHead = RPnary RPis
                [ RPMT
                    [ MTT "taxesPayable" ]
                , RPnary RPdivide
                    [ RPMT
                        [ MTT "taxesPayableAlive" ]
                    , RPMT
                        [ MTI 3 ]
                    ]
                ]
            , hBody = Just
                ( Leaf
                    ( RPConstraint
                        [ MTT "phaseOfMoon" ] RPis
                        [ MTT "waxing" ]
                    )
                )
            }
        , HC
            { hHead = RPConstraint
                [ MTT "taxesPayable" ] RPis
                [ MTT "waived" ]
            , hBody = Just
                ( Leaf
                    ( RPConstraint
                        [ MTT "phaseOfMoon" ] RPis
                        [ MTT "full" ]
                    )
                )
            }
        , HC
            { hHead = RPConstraint
                [ MTT "taxesPayable" ] RPis
                [ MTI 0 ]
            , hBody = Just
                ( Leaf
                    ( RPMT
                        [ MTT "OTHERWISE" ]
                    )
                )
            }
        , HC
            { hHead = RPnary RPis
                [ RPMT
                    [ MTT "taxesPayableAlive" ]
                , RPnary RPsum
                    [ RPMT
                        [ MTT "income tax component" ]
                    , RPMT
                        [ MTT "asset tax component" ]
                    ]
                ]
            , hBody = Nothing
            }
        , HC
            { hHead = RPnary RPis
                [ RPMT
                    [ MTT "income tax component" ]
                , RPnary RPproduct
                    [ RPMT
                        [ MTT "annualIncome" ]
                    , RPnary RPproduct
                        [ RPMT
                            [ MTT "incomeTaxRate" ]
                        , RPnary RPminus
                            [ RPMT
                                [ MTI 2 ]
                            , RPMT
                                [ MTI 1 ]
                            ]
                        ]
                    ]
                ]
            , hBody = Nothing
            }
        , HC
            { hHead = RPnary RPis
                [ RPMT
                    [ MTT "asset tax component" ]
                , RPnary RPproduct
                    [ RPMT
                        [ MTT "netWorth" ]
                    , RPMT
                        [ MTT "assetTaxRate" ]
                    ]
                ]
            , hBody = Nothing
            }
        , HC
            { hHead = RPConstraint
                [ MTT "incomeTaxRate" ] RPis
                [ MTF 1.0e-2 ]
            , hBody = Nothing
            }
        , HC
            { hHead = RPConstraint
                [ MTT "assetTaxRate" ] RPis
                [ MTF 7.0e-2 ]
            , hBody = Nothing
            }
        ]
    , rlabel = Just
        ( "ยง"
        , 1
        , "taxesPayable"
        )
    , lsource = Nothing
    , wwhere = []
    , srcref = Just
        ( SrcRef
            { url = "test/Spec"
            , short = "test/Spec"
            , srcrow = 1
            , srccol = 1
            , version = Nothing
            }
        )
    , defaults = []
    , symtab = []
    }